Archive member included to satisfy reference by file (symbol)

d:/iti/arm2/imt_sdk_win_64/imt_sdk_win_64/winarm/armgcc/bin/../lib/gcc/arm-none-eabi/7.2.1/thumb/v7e-m\libgcc.a(_aeabi_uldivmod.o)
                              ./src/MCAL/UART/UART_prg.o (__aeabi_uldivmod)
d:/iti/arm2/imt_sdk_win_64/imt_sdk_win_64/winarm/armgcc/bin/../lib/gcc/arm-none-eabi/7.2.1/thumb/v7e-m\libgcc.a(_udivmoddi4.o)
                              d:/iti/arm2/imt_sdk_win_64/imt_sdk_win_64/winarm/armgcc/bin/../lib/gcc/arm-none-eabi/7.2.1/thumb/v7e-m\libgcc.a(_aeabi_uldivmod.o) (__udivmoddi4)
d:/iti/arm2/imt_sdk_win_64/imt_sdk_win_64/winarm/armgcc/bin/../lib/gcc/arm-none-eabi/7.2.1/thumb/v7e-m\libgcc.a(_dvmd_tls.o)
                              d:/iti/arm2/imt_sdk_win_64/imt_sdk_win_64/winarm/armgcc/bin/../lib/gcc/arm-none-eabi/7.2.1/thumb/v7e-m\libgcc.a(_aeabi_uldivmod.o) (__aeabi_ldiv0)
d:/iti/arm2/imt_sdk_win_64/imt_sdk_win_64/winarm/armgcc/bin/../lib/gcc/arm-none-eabi/7.2.1/../../../../arm-none-eabi/lib/thumb/v7e-m\libg_nano.a(lib_a-errno.o)
                              ./system/src/newlib/_sbrk.o (__errno)
d:/iti/arm2/imt_sdk_win_64/imt_sdk_win_64/winarm/armgcc/bin/../lib/gcc/arm-none-eabi/7.2.1/../../../../arm-none-eabi/lib/thumb/v7e-m\libg_nano.a(lib_a-impure.o)
                              d:/iti/arm2/imt_sdk_win_64/imt_sdk_win_64/winarm/armgcc/bin/../lib/gcc/arm-none-eabi/7.2.1/../../../../arm-none-eabi/lib/thumb/v7e-m\libg_nano.a(lib_a-errno.o) (_impure_ptr)
d:/iti/arm2/imt_sdk_win_64/imt_sdk_win_64/winarm/armgcc/bin/../lib/gcc/arm-none-eabi/7.2.1/../../../../arm-none-eabi/lib/thumb/v7e-m\libg_nano.a(lib_a-strlen.o)
                              ./system/src/diag/Trace.o (strlen)
d:/iti/arm2/imt_sdk_win_64/imt_sdk_win_64/winarm/armgcc/bin/../lib/gcc/arm-none-eabi/7.2.1/../../../../arm-none-eabi/lib/thumb/v7e-m\libg_nano.a(lib_a-vsnprintf.o)
                              ./system/src/diag/Trace.o (vsnprintf)
d:/iti/arm2/imt_sdk_win_64/imt_sdk_win_64/winarm/armgcc/bin/../lib/gcc/arm-none-eabi/7.2.1/../../../../arm-none-eabi/lib/thumb/v7e-m\libg_nano.a(lib_a-nano-svfprintf.o)
                              d:/iti/arm2/imt_sdk_win_64/imt_sdk_win_64/winarm/armgcc/bin/../lib/gcc/arm-none-eabi/7.2.1/../../../../arm-none-eabi/lib/thumb/v7e-m\libg_nano.a(lib_a-vsnprintf.o) (_svfprintf_r)
d:/iti/arm2/imt_sdk_win_64/imt_sdk_win_64/winarm/armgcc/bin/../lib/gcc/arm-none-eabi/7.2.1/../../../../arm-none-eabi/lib/thumb/v7e-m\libg_nano.a(lib_a-nano-vfprintf_i.o)
                              d:/iti/arm2/imt_sdk_win_64/imt_sdk_win_64/winarm/armgcc/bin/../lib/gcc/arm-none-eabi/7.2.1/../../../../arm-none-eabi/lib/thumb/v7e-m\libg_nano.a(lib_a-nano-svfprintf.o) (_printf_i)
d:/iti/arm2/imt_sdk_win_64/imt_sdk_win_64/winarm/armgcc/bin/../lib/gcc/arm-none-eabi/7.2.1/../../../../arm-none-eabi/lib/thumb/v7e-m\libg_nano.a(lib_a-memchr.o)
                              d:/iti/arm2/imt_sdk_win_64/imt_sdk_win_64/winarm/armgcc/bin/../lib/gcc/arm-none-eabi/7.2.1/../../../../arm-none-eabi/lib/thumb/v7e-m\libg_nano.a(lib_a-nano-svfprintf.o) (memchr)
d:/iti/arm2/imt_sdk_win_64/imt_sdk_win_64/winarm/armgcc/bin/../lib/gcc/arm-none-eabi/7.2.1/../../../../arm-none-eabi/lib/thumb/v7e-m\libg_nano.a(lib_a-memcpy-stub.o)
                              d:/iti/arm2/imt_sdk_win_64/imt_sdk_win_64/winarm/armgcc/bin/../lib/gcc/arm-none-eabi/7.2.1/../../../../arm-none-eabi/lib/thumb/v7e-m\libg_nano.a(lib_a-nano-svfprintf.o) (memcpy)
d:/iti/arm2/imt_sdk_win_64/imt_sdk_win_64/winarm/armgcc/bin/../lib/gcc/arm-none-eabi/7.2.1/../../../../arm-none-eabi/lib/thumb/v7e-m\libg_nano.a(lib_a-memmove.o)
                              d:/iti/arm2/imt_sdk_win_64/imt_sdk_win_64/winarm/armgcc/bin/../lib/gcc/arm-none-eabi/7.2.1/../../../../arm-none-eabi/lib/thumb/v7e-m\libg_nano.a(lib_a-nano-svfprintf.o) (memmove)
d:/iti/arm2/imt_sdk_win_64/imt_sdk_win_64/winarm/armgcc/bin/../lib/gcc/arm-none-eabi/7.2.1/../../../../arm-none-eabi/lib/thumb/v7e-m\libg_nano.a(lib_a-nano-freer.o)
                              d:/iti/arm2/imt_sdk_win_64/imt_sdk_win_64/winarm/armgcc/bin/../lib/gcc/arm-none-eabi/7.2.1/../../../../arm-none-eabi/lib/thumb/v7e-m\libg_nano.a(lib_a-nano-svfprintf.o) (_free_r)
d:/iti/arm2/imt_sdk_win_64/imt_sdk_win_64/winarm/armgcc/bin/../lib/gcc/arm-none-eabi/7.2.1/../../../../arm-none-eabi/lib/thumb/v7e-m\libg_nano.a(lib_a-nano-mallocr.o)
                              d:/iti/arm2/imt_sdk_win_64/imt_sdk_win_64/winarm/armgcc/bin/../lib/gcc/arm-none-eabi/7.2.1/../../../../arm-none-eabi/lib/thumb/v7e-m\libg_nano.a(lib_a-nano-svfprintf.o) (_malloc_r)
d:/iti/arm2/imt_sdk_win_64/imt_sdk_win_64/winarm/armgcc/bin/../lib/gcc/arm-none-eabi/7.2.1/../../../../arm-none-eabi/lib/thumb/v7e-m\libg_nano.a(lib_a-nano-reallocr.o)
                              d:/iti/arm2/imt_sdk_win_64/imt_sdk_win_64/winarm/armgcc/bin/../lib/gcc/arm-none-eabi/7.2.1/../../../../arm-none-eabi/lib/thumb/v7e-m\libg_nano.a(lib_a-nano-svfprintf.o) (_realloc_r)
[...]
Memory Configuration

Name             Origin             Length             Attributes
RAM              0x20000000         0x00010000         xrw
CCMRAM           0x10000000         0x00000000         xrw
FLASH            0x08000000         0x00040000         xr
FLASHB1          0x00000000         0x00000000         xr
EXTMEMB0         0x00000000         0x00000000         xr
EXTMEMB1         0x00000000         0x00000000         xr
EXTMEMB2         0x00000000         0x00000000         xr
EXTMEMB3         0x00000000         0x00000000         xr
*default*        0x00000000         0xffffffff

Linker script and memory map

LOAD ./system/src/stm32f4-hal/stm32f4xx_hal.o
LOAD ./system/src/stm32f4-hal/stm32f4xx_hal_cortex.o
LOAD ./system/src/stm32f4-hal/stm32f4xx_hal_dfsdm.o
LOAD ./system/src/stm32f4-hal/stm32f4xx_hal_flash.o
LOAD ./system/src/stm32f4-hal/stm32f4xx_hal_gpio.o
LOAD ./system/src/stm32f4-hal/stm32f4xx_hal_iwdg.o
LOAD ./system/src/stm32f4-hal/stm32f4xx_hal_pwr.o
LOAD ./system/src/stm32f4-hal/stm32f4xx_hal_rcc.o
LOAD ./system/src/newlib/_cxx.o
LOAD ./system/src/newlib/_exit.o
LOAD ./system/src/newlib/_sbrk.o
LOAD ./system/src/newlib/_startup.o
LOAD ./system/src/newlib/_syscalls.o
LOAD ./system/src/newlib/assert.o
LOAD ./system/src/diag/Trace.o
LOAD ./system/src/diag/trace_impl.o
LOAD ./system/src/cortexm/_initialize_hardware.o
LOAD ./system/src/cortexm/_reset_hardware.o
LOAD ./system/src/cortexm/exception_handlers.o
LOAD ./system/src/cmsis/system_stm32f4xx.o
LOAD ./system/src/cmsis/vectors_stm32f401xc.o
LOAD ./src/MCAL/UART/UART_cfg.o
LOAD ./src/MCAL/UART/UART_prg.o
LOAD ./src/MCAL/STK/STK_prg.o
LOAD ./src/MCAL/RCC/RCC_program.o
LOAD ./src/MCAL/NVIC/NVIC_program.o
LOAD ./src/MCAL/GPIO/GPIO_Prg.o
LOAD ./src/HAL/LCD/LCD.o
LOAD ./src/HAL/Finger-Print/Finger-print.o
LOAD ./src/_initialize_hardware.o
LOAD ./src/main.o
LOAD ./src/stm32f4xx_hal_msp.o
LOAD d:/iti/arm2/imt_sdk_win_64/imt_sdk_win_64/winarm/armgcc/bin/../lib/gcc/arm-none-eabi/7.2.1/../../../../arm-none-eabi/lib/thumb/v7e-m\libstdc++_nano.a
LOAD d:/iti/arm2/imt_sdk_win_64/imt_sdk_win_64/winarm/armgcc/bin/../lib/gcc/arm-none-eabi/7.2.1/../../../../arm-none-eabi/lib/thumb/v7e-m\libm.a
START GROUP
LOAD d:/iti/arm2/imt_sdk_win_64/imt_sdk_win_64/winarm/armgcc/bin/../lib/gcc/arm-none-eabi/7.2.1/thumb/v7e-m\libgcc.a
LOAD d:/iti/arm2/imt_sdk_win_64/imt_sdk_win_64/winarm/armgcc/bin/../lib/gcc/arm-none-eabi/7.2.1/../../../../arm-none-eabi/lib/thumb/v7e-m\libg_nano.a
LOAD d:/iti/arm2/imt_sdk_win_64/imt_sdk_win_64/winarm/armgcc/bin/../lib/gcc/arm-none-eabi/7.2.1/../../../../arm-none-eabi/lib/thumb/v7e-m\libc_nano.a
END GROUP
START GROUP
LOAD d:/iti/arm2/imt_sdk_win_64/imt_sdk_win_64/winarm/armgcc/bin/../lib/gcc/arm-none-eabi/7.2.1/thumb/v7e-m\libgcc.a
LOAD d:/iti/arm2/imt_sdk_win_64/imt_sdk_win_64/winarm/armgcc/bin/../lib/gcc/arm-none-eabi/7.2.1/../../../../arm-none-eabi/lib/thumb/v7e-m\libc_nano.a
END GROUP
                0x20010000                __stack = (ORIGIN (RAM) + LENGTH (RAM))
                0x20010000                _estack = __stack
                0x00000400                __Main_Stack_Size = 0x400
                [!provide]                PROVIDE (_Main_Stack_Size, __Main_Stack_Size)
                0x2000fc00                __Main_Stack_Limit = (__stack - __Main_Stack_Size)
                [!provide]                PROVIDE (_Main_Stack_Limit, __Main_Stack_Limit)
                0x00000100                _Minimum_Stack_Size = 0x100
                0x20000190                PROVIDE (_Heap_Begin, _end_noinit)
                0x2000fc00                PROVIDE (_Heap_Limit, (__stack - __Main_Stack_Size))

.isr_vector     0x08000000      0x3f4
 FILL mask 0xff
                0x08000000                __vectors_start = ABSOLUTE (.)
                0x08000000                __vectors_start__ = ABSOLUTE (.)
 *(.isr_vector)
 .isr_vector    0x08000000      0x194 ./system/src/cmsis/vectors_stm32f401xc.o
                0x08000000                __isr_vectors
 *(.cfmconfig)
 *(.after_vectors .after_vectors.*)
 .after_vectors
                0x08000194      0x130 ./system/src/newlib/_startup.o
                0x08000194                _start
 .after_vectors
                0x080002c4      0x12c ./system/src/cortexm/exception_handlers.o
                0x080002c4                Reset_Handler
                0x080002ca                NMI_Handler
                0x080002ce                HardFault_Handler
                0x080002e2                HardFault_Handler_C
                0x08000340                MemManage_Handler
                0x08000344                BusFault_Handler
                0x08000358                BusFault_Handler_C
                0x0800038c                UsageFault_Handler
                0x080003a0                UsageFault_Handler_C
                0x080003d4                SVC_Handler
                0x080003d8                DebugMon_Handler
                0x080003dc                PendSV_Handler
 .after_vectors
                0x080003f0        0x4 ./system/src/cmsis/vectors_stm32f401xc.o
                0x080003f0                RTC_Alarm_IRQHandler
                0x080003f0                EXTI2_IRQHandler
                0x080003f0                SPI4_IRQHandler
                0x080003f0                TIM1_CC_IRQHandler
                0x080003f0                DMA2_Stream5_IRQHandler
                0x080003f0                DMA1_Stream5_IRQHandler
                0x080003f0                PVD_IRQHandler
                0x080003f0                SDIO_IRQHandler
                0x080003f0                TAMP_STAMP_IRQHandler
                0x080003f0                EXTI3_IRQHandler
                0x080003f0                TIM1_UP_TIM10_IRQHandler
                0x080003f0                I2C3_ER_IRQHandler
                0x080003f0                EXTI0_IRQHandler
                0x080003f0                I2C2_EV_IRQHandler
                0x080003f0                DMA1_Stream2_IRQHandler
                0x080003f0                FPU_IRQHandler
                0x080003f0                DMA2_Stream2_IRQHandler
                0x080003f0                SPI1_IRQHandler
                0x080003f0                TIM1_BRK_TIM9_IRQHandler
                0x080003f0                DMA2_Stream3_IRQHandler
                0x080003f0                DMA2_Stream0_IRQHandler
                0x080003f0                TIM4_IRQHandler
                0x080003f0                I2C1_EV_IRQHandler
                0x080003f0                DMA1_Stream6_IRQHandler
                0x080003f0                DMA1_Stream1_IRQHandler
                0x080003f0                TIM3_IRQHandler
                0x080003f0                RCC_IRQHandler
                0x080003f0                Default_Handler
                0x080003f0                EXTI15_10_IRQHandler
                0x080003f0                ADC_IRQHandler
                0x080003f0                DMA1_Stream7_IRQHandler
                0x080003f0                TIM5_IRQHandler
                0x080003f0                DMA2_Stream7_IRQHandler
                0x080003f0                I2C3_EV_IRQHandler
                0x080003f0                EXTI9_5_IRQHandler
                0x080003f0                RTC_WKUP_IRQHandler
                0x080003f0                SPI2_IRQHandler
                0x080003f0                DMA1_Stream0_IRQHandler
                0x080003f0                EXTI4_IRQHandler
                0x080003f0                WWDG_IRQHandler
                0x080003f0                TIM2_IRQHandler
                0x080003f0                OTG_FS_WKUP_IRQHandler
                0x080003f0                TIM1_TRG_COM_TIM11_IRQHandler
                0x080003f0                EXTI1_IRQHandler
                0x080003f0                I2C2_ER_IRQHandler
                0x080003f0                DMA2_Stream1_IRQHandler
                0x080003f0                FLASH_IRQHandler
                0x080003f0                DMA2_Stream4_IRQHandler
                0x080003f0                OTG_FS_IRQHandler
                0x080003f0                SPI3_IRQHandler
                0x080003f0                DMA1_Stream4_IRQHandler
                0x080003f0                I2C1_ER_IRQHandler
                0x080003f0                DMA2_Stream6_IRQHandler
                0x080003f0                DMA1_Stream3_IRQHandler

.inits          0x080003f4       0x28
                0x080003f4                __data_regions_array_start = .
                0x080003f4        0x4 LONG 0x8002314 LOADADDR (.data)
                0x080003f8        0x4 LONG 0x20000000 ADDR (.data)
                0x080003fc        0x4 LONG 0x200000dc (ADDR (.data) + SIZEOF (.data))
                0x08000400        0x4 LONG 0x8002314 LOADADDR (.data_CCMRAM)
                0x08000404        0x4 LONG 0x10000000 ADDR (.data_CCMRAM)
                0x08000408        0x4 LONG 0x10000000 (ADDR (.data_CCMRAM) + SIZEOF (.data_CCMRAM))
                0x0800040c                __data_regions_array_end = .
                0x0800040c                __bss_regions_array_start = .
                0x0800040c        0x4 LONG 0x200000dc ADDR (.bss)
                0x08000410        0x4 LONG 0x20000190 (ADDR (.bss) + SIZEOF (.bss))
                0x08000414        0x4 LONG 0x10000000 ADDR (.bss_CCMRAM)
                0x08000418        0x4 LONG 0x10000000 (ADDR (.bss_CCMRAM) + SIZEOF (.bss_CCMRAM))
                0x0800041c                __bss_regions_array_end = .
 *(.init)
 *(.fini)
                0x0800041c                . = ALIGN (0x4)
                0x0800041c                PROVIDE (__preinit_array_start, .)
 *(.preinit_array_sysinit .preinit_array_sysinit.*)
 *(.preinit_array_platform .preinit_array_platform.*)
 *(.preinit_array .preinit_array.*)
                0x0800041c                PROVIDE (__preinit_array_end, .)
                0x0800041c                . = ALIGN (0x4)
                0x0800041c                PROVIDE (__init_array_start, .)
 *(SORT_BY_NAME(.init_array.*))
 *(.init_array)
                0x0800041c                PROVIDE (__init_array_end, .)
                0x0800041c                . = ALIGN (0x4)
                0x0800041c                PROVIDE (__fini_array_start, .)
 *(SORT_BY_NAME(.fini_array.*))
 *(.fini_array)
                0x0800041c                PROVIDE (__fini_array_end, .)

.flashtext
 *(.flashtext .flashtext.*)

.text           0x08000420     0x1eeb
 *(.text .text.*)
 .text._exit    0x08000420        0x2 ./system/src/newlib/_exit.o
                0x08000420                _exit
 *fill*         0x08000422        0x2 
 .text._sbrk    0x08000424       0x44 ./system/src/newlib/_sbrk.o
                0x08000424                _sbrk
 .text.__initialize_args
                0x08000468       0x10 ./system/src/newlib/_syscalls.o
                0x08000468                __initialize_args
 .text.trace_printf
                0x08000478       0x30 ./system/src/diag/Trace.o
                0x08000478                trace_printf
 .text._trace_write_semihosting_debug
                0x080004a8       0x60 ./system/src/diag/trace_impl.o
 .text.trace_write
                0x08000508        0x8 ./system/src/diag/trace_impl.o
                0x08000508                trace_write
 .text.__initialize_hardware_early
                0x08000510       0x18 ./system/src/cortexm/_initialize_hardware.o
                0x08000510                __initialize_hardware_early
 .text.dumpExceptionStack
                0x08000528       0xf4 ./system/src/cortexm/exception_handlers.o
                0x08000528                dumpExceptionStack
 .text.isSemihosting
                0x0800061c       0x20 ./system/src/cortexm/exception_handlers.o
                0x0800061c                isSemihosting
 .text.SystemInit
                0x0800063c       0x40 ./system/src/cmsis/system_stm32f4xx.o
                0x0800063c                SystemInit
 *fill*         0x0800067c        0x4 
 .text.MUSART_vInit
                0x08000680       0xf4 ./src/MCAL/UART/UART_prg.o
                0x08000680                MUSART_vInit
 .text.MUSART_vEnable
                0x08000774       0x12 ./src/MCAL/UART/UART_prg.o
                0x08000774                MUSART_vEnable
 .text.MUSART_vTransmitByteSynch
                0x08000786       0x1c ./src/MCAL/UART/UART_prg.o
                0x08000786                MUSART_vTransmitByteSynch
 *fill*         0x080007a2        0x2 
 .text.MUSART_u8ReceiveByteSynchNonBlocking
                0x080007a4       0x2c ./src/MCAL/UART/UART_prg.o
                0x080007a4                MUSART_u8ReceiveByteSynchNonBlocking
 .text.USART1_IRQHandler
                0x080007d0       0x1c ./src/MCAL/UART/UART_prg.o
                0x080007d0                USART1_IRQHandler
 .text.USART2_IRQHandler
                0x080007ec       0x1c ./src/MCAL/UART/UART_prg.o
                0x080007ec                USART2_IRQHandler
 .text.USART6_IRQHandler
                0x08000808       0x1c ./src/MCAL/UART/UART_prg.o
                0x08000808                USART6_IRQHandler
 .text.MSTK_vInit
                0x08000824       0x10 ./src/MCAL/STK/STK_prg.o
                0x08000824                MSTK_vInit
 .text.MSTK_vSetBusyWait
                0x08000834       0x30 ./src/MCAL/STK/STK_prg.o
                0x08000834                MSTK_vSetBusyWait
 .text.SysTick_Handler
                0x08000864       0x44 ./src/MCAL/STK/STK_prg.o
                0x08000864                SysTick_Handler
 .text.RCC_voidInit
                0x080008a8       0x40 ./src/MCAL/RCC/RCC_program.o
                0x080008a8                RCC_voidInit
 .text.RCC_u8EnablePeripheralClock
                0x080008e8       0x6c ./src/MCAL/RCC/RCC_program.o
                0x080008e8                RCC_u8EnablePeripheralClock
 .text.GPIO_voidSetPinMode
                0x08000954       0x70 ./src/MCAL/GPIO/GPIO_Prg.o
                0x08000954                GPIO_voidSetPinMode
 .text.GPIO_voidSetPinOutputType
                0x080009c4       0x94 ./src/MCAL/GPIO/GPIO_Prg.o
                0x080009c4                GPIO_voidSetPinOutputType
 .text.GPIO_voidSetPinOutputSpeed
                0x08000a58       0x70 ./src/MCAL/GPIO/GPIO_Prg.o
                0x08000a58                GPIO_voidSetPinOutputSpeed
 .text.GPIO_voidSetPinInputPull
                0x08000ac8       0x7c ./src/MCAL/GPIO/GPIO_Prg.o
                0x08000ac8                GPIO_voidSetPinInputPull
 .text.GPIO_u8GetPinValue
                0x08000b44       0x40 ./src/MCAL/GPIO/GPIO_Prg.o
                0x08000b44                GPIO_u8GetPinValue
 .text.GPIO_voidSetPinValue
                0x08000b84       0x94 ./src/MCAL/GPIO/GPIO_Prg.o
                0x08000b84                GPIO_voidSetPinValue
 .text.MGPIO_vSetAlternativeFunction
                0x08000c18       0x9c ./src/MCAL/GPIO/GPIO_Prg.o
                0x08000c18                MGPIO_vSetAlternativeFunction
 .text.GPIO_voidInit
                0x08000cb4       0x38 ./src/MCAL/GPIO/GPIO_Prg.o
                0x08000cb4                GPIO_voidInit
 .text.LCD_WriteCommand
                0x08000cec       0xb6 ./src/HAL/LCD/LCD.o
 .text.LCD_WriteData
                0x08000da2       0xb6 ./src/HAL/LCD/LCD.o
 .text.LCD_Init
                0x08000e58       0x50 ./src/HAL/LCD/LCD.o
                0x08000e58                LCD_Init
 .text.LCD_WriteChar
                0x08000ea8        0x8 ./src/HAL/LCD/LCD.o
                0x08000ea8                LCD_WriteChar
 .text.LCD_WriteString
                0x08000eb0       0x18 ./src/HAL/LCD/LCD.o
                0x08000eb0                LCD_WriteString
 .text.LCD_WriteNumber
                0x08000ec8       0x70 ./src/HAL/LCD/LCD.o
                0x08000ec8                LCD_WriteNumber
 .text.LCD_GoTo
                0x08000f38       0x1e ./src/HAL/LCD/LCD.o
                0x08000f38                LCD_GoTo
 .text.LCD_Clear
                0x08000f56        0xa ./src/HAL/LCD/LCD.o
                0x08000f56                LCD_Clear
 .text.FP_RecieveAck
                0x08000f60       0x44 ./src/HAL/Finger-Print/Finger-print.o
 .text.FP_GetImage
                0x08000fa4       0x28 ./src/HAL/Finger-Print/Finger-print.o
 .text.FP_GenerateFile
                0x08000fcc       0x24 ./src/HAL/Finger-Print/Finger-print.o
 .text.FP_ConfirmFinger
                0x08000ff0       0x1c ./src/HAL/Finger-Print/Finger-print.o
 .text.FP_MakeTemplate
                0x0800100c       0x28 ./src/HAL/Finger-Print/Finger-print.o
 .text.FP_StoreFinger
                0x08001034       0x64 ./src/HAL/Finger-Print/Finger-print.o
 .text.FP_CheckingRecieveAck
                0x08001098       0x78 ./src/HAL/Finger-Print/Finger-print.o
 .text.FP_CheckFinger
                0x08001110       0x58 ./src/HAL/Finger-Print/Finger-print.o
 .text.FP_ReadFinger
                0x08001168       0x1c ./src/HAL/Finger-Print/Finger-print.o
                0x08001168                FP_ReadFinger
 .text.FP_Register
                0x08001184       0x60 ./src/HAL/Finger-Print/Finger-print.o
                0x08001184                FP_Register
 .text.FP_Search
                0x080011e4       0x48 ./src/HAL/Finger-Print/Finger-print.o
                0x080011e4                FP_Search
 .text.__initialize_hardware
                0x0800122c        0x2 ./src/_initialize_hardware.o
                0x0800122c                __initialize_hardware
 *fill*         0x0800122e        0x2 
 .text.main     0x08001230      0x274 ./src/main.o
                0x08001230                main
 .text          0x080014a4       0x30 d:/iti/arm2/imt_sdk_win_64/imt_sdk_win_64/winarm/armgcc/bin/../lib/gcc/arm-none-eabi/7.2.1/thumb/v7e-m\libgcc.a(_aeabi_uldivmod.o)
                0x080014a4                __aeabi_uldivmod
 .text          0x080014d4      0x2cc d:/iti/arm2/imt_sdk_win_64/imt_sdk_win_64/winarm/armgcc/bin/../lib/gcc/arm-none-eabi/7.2.1/thumb/v7e-m\libgcc.a(_udivmoddi4.o)
                0x080014d4                __udivmoddi4
 .text          0x080017a0        0x4 d:/iti/arm2/imt_sdk_win_64/imt_sdk_win_64/winarm/armgcc/bin/../lib/gcc/arm-none-eabi/7.2.1/thumb/v7e-m\libgcc.a(_dvmd_tls.o)
                0x080017a0                __aeabi_idiv0
                0x080017a0                __aeabi_ldiv0
 .text.__errno  0x080017a4        0xc d:/iti/arm2/imt_sdk_win_64/imt_sdk_win_64/winarm/armgcc/bin/../lib/gcc/arm-none-eabi/7.2.1/../../../../arm-none-eabi/lib/thumb/v7e-m\libg_nano.a(lib_a-errno.o)
                0x080017a4                __errno
 .text._vsnprintf_r
                0x080017b0       0x58 d:/iti/arm2/imt_sdk_win_64/imt_sdk_win_64/winarm/armgcc/bin/../lib/gcc/arm-none-eabi/7.2.1/../../../../arm-none-eabi/lib/thumb/v7e-m\libg_nano.a(lib_a-vsnprintf.o)
                0x080017b0                _vsniprintf_r
                0x080017b0                _vsnprintf_r
 .text.vsnprintf
                0x08001808       0x1c d:/iti/arm2/imt_sdk_win_64/imt_sdk_win_64/winarm/armgcc/bin/../lib/gcc/arm-none-eabi/7.2.1/../../../../arm-none-eabi/lib/thumb/v7e-m\libg_nano.a(lib_a-vsnprintf.o)
                0x08001808                vsniprintf
                0x08001808                vsnprintf
 .text.__ssputs_r
                0x08001824       0xb4 d:/iti/arm2/imt_sdk_win_64/imt_sdk_win_64/winarm/armgcc/bin/../lib/gcc/arm-none-eabi/7.2.1/../../../../arm-none-eabi/lib/thumb/v7e-m\libg_nano.a(lib_a-nano-svfprintf.o)
                0x08001824                __ssputs_r
 .text._svfprintf_r
                0x080018d8      0x1ec d:/iti/arm2/imt_sdk_win_64/imt_sdk_win_64/winarm/armgcc/bin/../lib/gcc/arm-none-eabi/7.2.1/../../../../arm-none-eabi/lib/thumb/v7e-m\libg_nano.a(lib_a-nano-svfprintf.o)
                0x080018d8                _svfiprintf_r
                0x080018d8                _svfprintf_r
 .text._printf_common
                0x08001ac4       0xea d:/iti/arm2/imt_sdk_win_64/imt_sdk_win_64/winarm/armgcc/bin/../lib/gcc/arm-none-eabi/7.2.1/../../../../arm-none-eabi/lib/thumb/v7e-m\libg_nano.a(lib_a-nano-vfprintf_i.o)
                0x08001ac4                _printf_common
 *fill*         0x08001bae        0x2 
 .text._printf_i
                0x08001bb0      0x224 d:/iti/arm2/imt_sdk_win_64/imt_sdk_win_64/winarm/armgcc/bin/../lib/gcc/arm-none-eabi/7.2.1/../../../../arm-none-eabi/lib/thumb/v7e-m\libg_nano.a(lib_a-nano-vfprintf_i.o)
                0x08001bb0                _printf_i
 *fill*         0x08001dd4        0xc 
 .text          0x08001de0       0xa0 d:/iti/arm2/imt_sdk_win_64/imt_sdk_win_64/winarm/armgcc/bin/../lib/gcc/arm-none-eabi/7.2.1/../../../../arm-none-eabi/lib/thumb/v7e-m\libg_nano.a(lib_a-memchr.o)
                0x08001de0                memchr
 .text.memcpy   0x08001e80       0x16 d:/iti/arm2/imt_sdk_win_64/imt_sdk_win_64/winarm/armgcc/bin/../lib/gcc/arm-none-eabi/7.2.1/../../../../arm-none-eabi/lib/thumb/v7e-m\libg_nano.a(lib_a-memcpy-stub.o)
                0x08001e80                memcpy
 .text.memmove  0x08001e96       0x32 d:/iti/arm2/imt_sdk_win_64/imt_sdk_win_64/winarm/armgcc/bin/../lib/gcc/arm-none-eabi/7.2.1/../../../../arm-none-eabi/lib/thumb/v7e-m\libg_nano.a(lib_a-memmove.o)
                0x08001e96                memmove
 .text._free_r  0x08001ec8       0x9c d:/iti/arm2/imt_sdk_win_64/imt_sdk_win_64/winarm/armgcc/bin/../lib/gcc/arm-none-eabi/7.2.1/../../../../arm-none-eabi/lib/thumb/v7e-m\libg_nano.a(lib_a-nano-freer.o)
                0x08001ec8                _free_r
 .text._malloc_r
                0x08001f64       0xb4 d:/iti/arm2/imt_sdk_win_64/imt_sdk_win_64/winarm/armgcc/bin/../lib/gcc/arm-none-eabi/7.2.1/../../../../arm-none-eabi/lib/thumb/v7e-m\libg_nano.a(lib_a-nano-mallocr.o)
                0x08001f64                _malloc_r
 .text._realloc_r
                0x08002018       0x4c d:/iti/arm2/imt_sdk_win_64/imt_sdk_win_64/winarm/armgcc/bin/../lib/gcc/arm-none-eabi/7.2.1/../../../../arm-none-eabi/lib/thumb/v7e-m\libg_nano.a(lib_a-nano-reallocr.o)
                0x08002018                _realloc_r
 .text._sbrk_r  0x08002064       0x20 d:/iti/arm2/imt_sdk_win_64/imt_sdk_win_64/winarm/armgcc/bin/../lib/gcc/arm-none-eabi/7.2.1/../../../../arm-none-eabi/lib/thumb/v7e-m\libg_nano.a(lib_a-sbrkr.o)
                0x08002064                _sbrk_r
 .text.__malloc_lock
                0x08002084        0x2 d:/iti/arm2/imt_sdk_win_64/imt_sdk_win_64/winarm/armgcc/bin/../lib/gcc/arm-none-eabi/7.2.1/../../../../arm-none-eabi/lib/thumb/v7e-m\libg_nano.a(lib_a-mlock.o)
                0x08002084                __malloc_lock
 .text.__malloc_unlock
                0x08002086        0x2 d:/iti/arm2/imt_sdk_win_64/imt_sdk_win_64/winarm/armgcc/bin/../lib/gcc/arm-none-eabi/7.2.1/../../../../arm-none-eabi/lib/thumb/v7e-m\libg_nano.a(lib_a-mlock.o)
                0x08002086                __malloc_unlock
 .text._malloc_usable_size_r
                0x08002088       0x10 d:/iti/arm2/imt_sdk_win_64/imt_sdk_win_64/winarm/armgcc/bin/../lib/gcc/arm-none-eabi/7.2.1/../../../../arm-none-eabi/lib/thumb/v7e-m\libg_nano.a(lib_a-nano-msizer.o)
                0x08002088                _malloc_usable_size_r
 *(.rodata .rodata.* .constdata .constdata.*)
 .rodata.dumpExceptionStack.str1.4
                0x08002098      0x11a ./system/src/cortexm/exception_handlers.o
 *fill*         0x080021b2        0x2 
 .rodata.str1.4
                0x080021b4       0x2a ./system/src/cortexm/exception_handlers.o
 *fill*         0x080021de        0x2 
 .rodata.CheckFrame
                0x080021e0       0x11 ./src/HAL/Finger-Print/Finger-print.o
 *fill*         0x080021f1        0x3 
 .rodata.MakeTamplateFrame
                0x080021f4        0xc ./src/HAL/Finger-Print/Finger-print.o
 .rodata.ReadFingerFrame
                0x08002200        0xc ./src/HAL/Finger-Print/Finger-print.o
 .rodata.StoreBuffer_1Frame
                0x0800220c        0xd ./src/HAL/Finger-Print/Finger-print.o
 *fill*         0x08002219        0x3 
 .rodata.StoreBuffer_2Frame
                0x0800221c        0xd ./src/HAL/Finger-Print/Finger-print.o
 *fill*         0x08002229        0x3 
 .rodata.StoreFrame
                0x0800222c        0xa ./src/HAL/Finger-Print/Finger-print.o
 *fill*         0x08002236        0x2 
 .rodata.main.str1.4
                0x08002238       0xa0 ./src/main.o
                                 0x9e (size before relaxing)
 .rodata._svfprintf_r.str1.1
                0x080022d8       0x11 d:/iti/arm2/imt_sdk_win_64/imt_sdk_win_64/winarm/armgcc/bin/../lib/gcc/arm-none-eabi/7.2.1/../../../../arm-none-eabi/lib/thumb/v7e-m\libg_nano.a(lib_a-nano-svfprintf.o)
 .rodata._printf_i.str1.1
                0x080022e9       0x22 d:/iti/arm2/imt_sdk_win_64/imt_sdk_win_64/winarm/armgcc/bin/../lib/gcc/arm-none-eabi/7.2.1/../../../../arm-none-eabi/lib/thumb/v7e-m\libg_nano.a(lib_a-nano-vfprintf_i.o)
 *(vtable)
 *(.eh_frame*)
 *(.glue_7)
 .glue_7        0x0800230b        0x0 linker stubs
 *(.glue_7t)
 .glue_7t       0x0800230b        0x0 linker stubs

.vfp11_veneer   0x0800230c        0x0
 .vfp11_veneer  0x0800230c        0x0 linker stubs

.v4_bx          0x0800230c        0x0
 .v4_bx         0x0800230c        0x0 linker stubs

.iplt           0x0800230c        0x0
 .iplt          0x0800230c        0x0 ./system/src/newlib/_exit.o

.ARM.extab
 *(.ARM.extab* .gnu.linkonce.armextab.*)
                0x0800230c                . = ALIGN (0x4)
                0x0800230c                __exidx_start = .

.ARM.exidx      0x0800230c        0x8
 *(.ARM.exidx* .gnu.linkonce.armexidx.*)
 .ARM.exidx     0x0800230c        0x8 d:/iti/arm2/imt_sdk_win_64/imt_sdk_win_64/winarm/armgcc/bin/../lib/gcc/arm-none-eabi/7.2.1/thumb/v7e-m\libgcc.a(_udivmoddi4.o)
                0x08002314                __exidx_end = .

.rel.dyn        0x08002314        0x0
 .rel.iplt      0x08002314        0x0 ./system/src/newlib/_exit.o
                0x08002314                . = ALIGN (0x4)
                0x08002314                _etext = .
                0x08002314                __etext = .

.data_CCMRAM    0x10000000        0x0 load address 0x08002314
 FILL mask 0xff
 *(.data.CCMRAM .data.CCMRAM.*)
                0x10000000                . = ALIGN (0x4)
                0x08002314                _sidata = LOADADDR (.data)

.data           0x20000000       0xdc load address 0x08002314
 FILL mask 0xff
                0x20000000                _sdata = .
                0x20000000                __data_start__ = .
 *(.data_begin .data_begin.*)
 .data_begin    0x20000000        0x4 ./system/src/newlib/_startup.o
 *(.data .data.*)
 .data.argv.4310
                0x20000004        0x8 ./system/src/newlib/_syscalls.o
 .data.uart2_cfg
                0x2000000c       0x10 ./src/MCAL/UART/UART_cfg.o
                0x2000000c                uart2_cfg
 .data.uart_pinRx
                0x2000001c        0x7 ./src/MCAL/UART/UART_cfg.o
                0x2000001c                uart_pinRx
 *fill*         0x20000023        0x1 ff
 .data.uart_pinTx
                0x20000024        0x7 ./src/MCAL/UART/UART_cfg.o
                0x20000024                uart_pinTx
 *fill*         0x2000002b        0x1 ff
 .data.LCD      0x2000002c       0x46 ./src/HAL/LCD/LCD.o
                0x2000002c                LCD
 .data.id       0x20000072        0x1 ./src/HAL/Finger-Print/Finger-print.o
                0x20000072                id
 .data.status   0x20000073        0x1 ./src/main.o
                0x20000073                status
 .data._impure_ptr
                0x20000074        0x4 d:/iti/arm2/imt_sdk_win_64/imt_sdk_win_64/winarm/armgcc/bin/../lib/gcc/arm-none-eabi/7.2.1/../../../../arm-none-eabi/lib/thumb/v7e-m\libg_nano.a(lib_a-impure.o)
                0x20000074                _impure_ptr
 .data.impure_data
                0x20000078       0x60 d:/iti/arm2/imt_sdk_win_64/imt_sdk_win_64/winarm/armgcc/bin/../lib/gcc/arm-none-eabi/7.2.1/../../../../arm-none-eabi/lib/thumb/v7e-m\libg_nano.a(lib_a-impure.o)
 *(.data_end .data_end.*)
 .data_end      0x200000d8        0x4 ./system/src/newlib/_startup.o
                0x200000dc                . = ALIGN (0x4)
                0x200000dc                _edata = .
                0x200000dc                __data_end__ = .

.igot.plt       0x200000dc        0x0 load address 0x080023f0
 .igot.plt      0x200000dc        0x0 ./system/src/newlib/_exit.o

.bss_CCMRAM     0x10000000        0x0
 *(.bss.CCMRAM .bss.CCMRAM.*)

.bss            0x200000dc       0xb4
                0x200000dc                __bss_start__ = .
                0x200000dc                _sbss = .
 *(.bss_begin .bss_begin.*)
 .bss_begin     0x200000dc        0x4 ./system/src/newlib/_startup.o
 *(.bss .bss.*)
 .bss.current_heap_end.3961
                0x200000e0        0x4 ./system/src/newlib/_sbrk.o
 .bss.name.4309
                0x200000e4        0x1 ./system/src/newlib/_syscalls.o
 *fill*         0x200000e5        0x3 
 .bss.buf.5205  0x200000e8       0x80 ./system/src/diag/Trace.o
 .bss.GS_STK_Callback
                0x20000168        0x4 ./src/MCAL/STK/STK_prg.o
 .bss.G_u8SingleFlag
                0x2000016c        0x1 ./src/MCAL/STK/STK_prg.o
 *fill*         0x2000016d        0x3 
 .bss.__malloc_free_list
                0x20000170        0x4 d:/iti/arm2/imt_sdk_win_64/imt_sdk_win_64/winarm/armgcc/bin/../lib/gcc/arm-none-eabi/7.2.1/../../../../arm-none-eabi/lib/thumb/v7e-m\libg_nano.a(lib_a-nano-mallocr.o)
                0x20000170                __malloc_free_list
 .bss.__malloc_sbrk_start
                0x20000174        0x4 d:/iti/arm2/imt_sdk_win_64/imt_sdk_win_64/winarm/armgcc/bin/../lib/gcc/arm-none-eabi/7.2.1/../../../../arm-none-eabi/lib/thumb/v7e-m\libg_nano.a(lib_a-nano-mallocr.o)
                0x20000174                __malloc_sbrk_start
 *(COMMON)
 COMMON         0x20000178        0x4 ./system/src/newlib/_syscalls.o
                0x20000178                errno
 COMMON         0x2000017c        0xc ./src/MCAL/UART/UART_prg.o
                0x2000017c                MUSART2_CallBack
                0x20000180                MUSART6_CallBack
                0x20000184                MUSART1_CallBack
 COMMON         0x20000188        0x4 ./src/main.o
                0x20000188                Returen_RX
                0x2000018a                ID
 *(.bss_end .bss_end.*)
 .bss_end       0x2000018c        0x4 ./system/src/newlib/_startup.o
                0x20000190                . = ALIGN (0x4)
                0x20000190                __bss_end__ = .
                0x20000190                _ebss = .

.noinit_CCMRAM
 *(.noinit.CCMRAM .noinit.CCMRAM.*)

.noinit         0x20000190        0x0
                0x20000190                _noinit = .
 *(.noinit .noinit.*)
                0x20000190                . = ALIGN (0x4)
                0x20000190                _end_noinit = .
                [!provide]                PROVIDE (end, _end_noinit)
                [!provide]                PROVIDE (_end, _end_noinit)
                [!provide]                PROVIDE (__end, _end_noinit)
                [!provide]                PROVIDE (__end__, _end_noinit)

._check_stack   0x20000190      0x100
                0x20000290                . = (. + _Minimum_Stack_Size)
 *fill*         0x20000190      0x100 

.b1text
 *(.b1text)
 *(.b1rodata)
 *(.b1rodata.*)

.eb0text
 *(.eb0text)
 *(.eb0rodata)
 *(.eb0rodata.*)

.eb1text
 *(.eb1text)
 *(.eb1rodata)
 *(.eb1rodata.*)

.eb2text
 *(.eb2text)
 *(.eb2rodata)
 *(.eb2rodata.*)

.eb3text
 *(.eb3text)
 *(.eb3rodata)
 *(.eb3rodata.*)

.stab
 *(.stab)

.stabstr
 *(.stabstr)

.stab.excl
 *(.stab.excl)

.stab.exclstr
 *(.stab.exclstr)

.stab.index
 *(.stab.index)

.stab.indexstr
 *(.stab.indexstr)

.comment        0x00000000       0x7e
 *(.comment)
 .comment       0x00000000       0x7e ./system/src/newlib/_exit.o
                                 0x7f (size before relaxing)
 .comment       0x0000007e       0x7f ./system/src/newlib/_sbrk.o
 .comment       0x0000007e       0x7f ./system/src/newlib/_startup.o
 .comment       0x0000007e       0x7f ./system/src/newlib/_syscalls.o
 .comment       0x0000007e       0x7f ./system/src/diag/Trace.o
 .comment       0x0000007e       0x7f ./system/src/diag/trace_impl.o
 .comment       0x0000007e       0x7f ./system/src/cortexm/_initialize_hardware.o
 .comment       0x0000007e       0x7f ./system/src/cortexm/exception_handlers.o
 .comment       0x0000007e       0x7f ./system/src/cmsis/system_stm32f4xx.o
 .comment       0x0000007e       0x7f ./system/src/cmsis/vectors_stm32f401xc.o
 .comment       0x0000007e       0x7f ./src/MCAL/UART/UART_cfg.o
 .comment       0x0000007e       0x7f ./src/MCAL/UART/UART_prg.o
 .comment       0x0000007e       0x7f ./src/MCAL/STK/STK_prg.o
 .comment       0x0000007e       0x7f ./src/MCAL/RCC/RCC_program.o
 .comment       0x0000007e       0x7f ./src/MCAL/GPIO/GPIO_Prg.o
 .comment       0x0000007e       0x7f ./src/HAL/LCD/LCD.o
 .comment       0x0000007e       0x7f ./src/HAL/Finger-Print/Finger-print.o
 .comment       0x0000007e       0x7f ./src/_initialize_hardware.o
 .comment       0x0000007e       0x7f ./src/main.o

.ARM.attributes
                0x00000000       0x31
 .ARM.attributes
                0x00000000       0x33 ./system/src/newlib/_exit.o
 .ARM.attributes
                0x00000033       0x33 ./system/src/newlib/_sbrk.o
 .ARM.attributes
                0x00000066       0x33 ./system/src/newlib/_startup.o
 .ARM.attributes
                0x00000099       0x33 ./system/src/newlib/_syscalls.o
 .ARM.attributes
                0x000000cc       0x33 ./system/src/diag/Trace.o
 .ARM.attributes
                0x000000ff       0x33 ./system/src/diag/trace_impl.o
 .ARM.attributes
                0x00000132       0x33 ./system/src/cortexm/_initialize_hardware.o
 .ARM.attributes
                0x00000165       0x33 ./system/src/cortexm/exception_handlers.o
 .ARM.attributes
                0x00000198       0x33 ./system/src/cmsis/system_stm32f4xx.o
 .ARM.attributes
                0x000001cb       0x33 ./system/src/cmsis/vectors_stm32f401xc.o
 .ARM.attributes
                0x000001fe       0x33 ./src/MCAL/UART/UART_cfg.o
 .ARM.attributes
                0x00000231       0x33 ./src/MCAL/UART/UART_prg.o
 .ARM.attributes
                0x00000264       0x33 ./src/MCAL/STK/STK_prg.o
 .ARM.attributes
                0x00000297       0x33 ./src/MCAL/RCC/RCC_program.o
 .ARM.attributes
                0x000002ca       0x33 ./src/MCAL/GPIO/GPIO_Prg.o
 .ARM.attributes
                0x000002fd       0x33 ./src/HAL/LCD/LCD.o
 .ARM.attributes
                0x00000330       0x33 ./src/HAL/Finger-Print/Finger-print.o
 .ARM.attributes
                0x00000363       0x33 ./src/_initialize_hardware.o
 .ARM.attributes
                0x00000396       0x33 ./src/main.o
 .ARM.attributes
                0x000003c9       0x1e d:/iti/arm2/imt_sdk_win_64/imt_sdk_win_64/winarm/armgcc/bin/../lib/gcc/arm-none-eabi/7.2.1/thumb/v7e-m\libgcc.a(_aeabi_uldivmod.o)
 .ARM.attributes
                0x000003e7       0x2e d:/iti/arm2/imt_sdk_win_64/imt_sdk_win_64/winarm/armgcc/bin/../lib/gcc/arm-none-eabi/7.2.1/thumb/v7e-m\libgcc.a(_udivmoddi4.o)
 .ARM.attributes
                0x00000415       0x1e d:/iti/arm2/imt_sdk_win_64/imt_sdk_win_64/winarm/armgcc/bin/../lib/gcc/arm-none-eabi/7.2.1/thumb/v7e-m\libgcc.a(_dvmd_tls.o)
 .ARM.attributes
                0x00000433       0x2e d:/iti/arm2/imt_sdk_win_64/imt_sdk_win_64/winarm/armgcc/bin/../lib/gcc/arm-none-eabi/7.2.1/../../../../arm-none-eabi/lib/thumb/v7e-m\libg_nano.a(lib_a-errno.o)
 .ARM.attributes
                0x00000461       0x2e d:/iti/arm2/imt_sdk_win_64/imt_sdk_win_64/winarm/armgcc/bin/../lib/gcc/arm-none-eabi/7.2.1/../../../../arm-none-eabi/lib/thumb/v7e-m\libg_nano.a(lib_a-impure.o)
 .ARM.attributes
                0x0000048f       0x2e d:/iti/arm2/imt_sdk_win_64/imt_sdk_win_64/winarm/armgcc/bin/../lib/gcc/arm-none-eabi/7.2.1/../../../../arm-none-eabi/lib/thumb/v7e-m\libg_nano.a(lib_a-vsnprintf.o)
 .ARM.attributes
                0x000004bd       0x2e d:/iti/arm2/imt_sdk_win_64/imt_sdk_win_64/winarm/armgcc/bin/../lib/gcc/arm-none-eabi/7.2.1/../../../../arm-none-eabi/lib/thumb/v7e-m\libg_nano.a(lib_a-nano-svfprintf.o)
 .ARM.attributes
                0x000004eb       0x2e d:/iti/arm2/imt_sdk_win_64/imt_sdk_win_64/winarm/armgcc/bin/../lib/gcc/arm-none-eabi/7.2.1/../../../../arm-none-eabi/lib/thumb/v7e-m\libg_nano.a(lib_a-nano-vfprintf_i.o)
 .ARM.attributes
                0x00000519       0x1c d:/iti/arm2/imt_sdk_win_64/imt_sdk_win_64/winarm/armgcc/bin/../lib/gcc/arm-none-eabi/7.2.1/../../../../arm-none-eabi/lib/thumb/v7e-m\libg_nano.a(lib_a-memchr.o)
 .ARM.attributes
                0x00000535       0x2e d:/iti/arm2/imt_sdk_win_64/imt_sdk_win_64/winarm/armgcc/bin/../lib/gcc/arm-none-eabi/7.2.1/../../../../arm-none-eabi/lib/thumb/v7e-m\libg_nano.a(lib_a-memcpy-stub.o)
 .ARM.attributes
                0x00000563       0x2e d:/iti/arm2/imt_sdk_win_64/imt_sdk_win_64/winarm/armgcc/bin/../lib/gcc/arm-none-eabi/7.2.1/../../../../arm-none-eabi/lib/thumb/v7e-m\libg_nano.a(lib_a-memmove.o)
 .ARM.attributes
                0x00000591       0x2e d:/iti/arm2/imt_sdk_win_64/imt_sdk_win_64/winarm/armgcc/bin/../lib/gcc/arm-none-eabi/7.2.1/../../../../arm-none-eabi/lib/thumb/v7e-m\libg_nano.a(lib_a-nano-freer.o)
 .ARM.attributes
                0x000005bf       0x2e d:/iti/arm2/imt_sdk_win_64/imt_sdk_win_64/winarm/armgcc/bin/../lib/gcc/arm-none-eabi/7.2.1/../../../../arm-none-eabi/lib/thumb/v7e-m\libg_nano.a(lib_a-nano-mallocr.o)
 .ARM.attributes
                0x000005ed       0x2e d:/iti/arm2/imt_sdk_win_64/imt_sdk_win_64/winarm/armgcc/bin/../lib/gcc/arm-none-eabi/7.2.1/../../../../arm-none-eabi/lib/thumb/v7e-m\libg_nano.a(lib_a-nano-reallocr.o)
 .ARM.attributes
                0x0000061b       0x2e d:/iti/arm2/imt_sdk_win_64/imt_sdk_win_64/winarm/armgcc/bin/../lib/gcc/arm-none-eabi/7.2.1/../../../../arm-none-eabi/lib/thumb/v7e-m\libg_nano.a(lib_a-sbrkr.o)
 .ARM.attributes
                0x00000649       0x2e d:/iti/arm2/imt_sdk_win_64/imt_sdk_win_64/winarm/armgcc/bin/../lib/gcc/arm-none-eabi/7.2.1/../../../../arm-none-eabi/lib/thumb/v7e-m\libg_nano.a(lib_a-mlock.o)
 .ARM.attributes
                0x00000677       0x2e d:/iti/arm2/imt_sdk_win_64/imt_sdk_win_64/winarm/armgcc/bin/../lib/gcc/arm-none-eabi/7.2.1/../../../../arm-none-eabi/lib/thumb/v7e-m\libg_nano.a(lib_a-nano-msizer.o)

.debug
 *(.debug)

.line
 *(.line)

.debug_srcinfo
 *(.debug_srcinfo)

.debug_sfnames
 *(.debug_sfnames)

.debug_aranges  0x00000000      0x518
 *(.debug_aranges)
 .debug_aranges
                0x00000000       0x28 ./system/src/newlib/_exit.o
 .debug_aranges
                0x00000028       0x20 ./system/src/newlib/_sbrk.o
 .debug_aranges
                0x00000048       0x40 ./system/src/newlib/_startup.o
 .debug_aranges
                0x00000088       0x30 ./system/src/newlib/_syscalls.o
 .debug_aranges
                0x000000b8       0x38 ./system/src/diag/Trace.o
 .debug_aranges
                0x000000f0       0x30 ./system/src/diag/trace_impl.o
 .debug_aranges
                0x00000120       0x28 ./system/src/cortexm/_initialize_hardware.o
 .debug_aranges
                0x00000148       0x90 ./system/src/cortexm/exception_handlers.o
 .debug_aranges
                0x000001d8       0x28 ./system/src/cmsis/system_stm32f4xx.o
 .debug_aranges
                0x00000200       0x20 ./system/src/cmsis/vectors_stm32f401xc.o
 .debug_aranges
                0x00000220       0x18 ./src/MCAL/UART/UART_cfg.o
 .debug_aranges
                0x00000238       0xb8 ./src/MCAL/UART/UART_prg.o
 .debug_aranges
                0x000002f0       0x58 ./src/MCAL/STK/STK_prg.o
 .debug_aranges
                0x00000348       0x30 ./src/MCAL/RCC/RCC_program.o
 .debug_aranges
                0x00000378       0x80 ./src/MCAL/GPIO/GPIO_Prg.o
 .debug_aranges
                0x000003f8       0x68 ./src/HAL/LCD/LCD.o
 .debug_aranges
                0x00000460       0x70 ./src/HAL/Finger-Print/Finger-print.o
 .debug_aranges
                0x000004d0       0x28 ./src/_initialize_hardware.o
 .debug_aranges
                0x000004f8       0x20 ./src/main.o

.debug_pubnames
 *(.debug_pubnames)

.debug_info     0x00000000     0x9839
 *(.debug_info .gnu.linkonce.wi.*)
 .debug_info    0x00000000      0x956 ./system/src/newlib/_exit.o
 .debug_info    0x00000956      0x942 ./system/src/newlib/_sbrk.o
 .debug_info    0x00001298      0x4bf ./system/src/newlib/_startup.o
 .debug_info    0x00001757      0xa19 ./system/src/newlib/_syscalls.o
 .debug_info    0x00002170      0xb2a ./system/src/diag/Trace.o
 .debug_info    0x00002c9a      0xb6b ./system/src/diag/trace_impl.o
 .debug_info    0x00003805      0xade ./system/src/cortexm/_initialize_hardware.o
 .debug_info    0x000042e3     0x115a ./system/src/cortexm/exception_handlers.o
 .debug_info    0x0000543d      0xcfe ./system/src/cmsis/system_stm32f4xx.o
 .debug_info    0x0000613b       0xca ./system/src/cmsis/vectors_stm32f401xc.o
 .debug_info    0x00006205      0x1a6 ./src/MCAL/UART/UART_cfg.o
 .debug_info    0x000063ab      0x564 ./src/MCAL/UART/UART_prg.o
 .debug_info    0x0000690f      0x1dd ./src/MCAL/STK/STK_prg.o
 .debug_info    0x00006aec      0x23d ./src/MCAL/RCC/RCC_program.o
 .debug_info    0x00006d29      0x487 ./src/MCAL/GPIO/GPIO_Prg.o
 .debug_info    0x000071b0      0x8a9 ./src/HAL/LCD/LCD.o
 .debug_info    0x00007a59      0x8ec ./src/HAL/Finger-Print/Finger-print.o
 .debug_info    0x00008345      0xcfe ./src/_initialize_hardware.o
 .debug_info    0x00009043      0x7f6 ./src/main.o

.debug_abbrev   0x00000000     0x20a3
 *(.debug_abbrev)
 .debug_abbrev  0x00000000      0x1f3 ./system/src/newlib/_exit.o
 .debug_abbrev  0x000001f3      0x1fc ./system/src/newlib/_sbrk.o
 .debug_abbrev  0x000003ef      0x1cb ./system/src/newlib/_startup.o
 .debug_abbrev  0x000005ba      0x234 ./system/src/newlib/_syscalls.o
 .debug_abbrev  0x000007ee      0x276 ./system/src/diag/Trace.o
 .debug_abbrev  0x00000a64      0x2ef ./system/src/diag/trace_impl.o
 .debug_abbrev  0x00000d53      0x1de ./system/src/cortexm/_initialize_hardware.o
 .debug_abbrev  0x00000f31      0x32b ./system/src/cortexm/exception_handlers.o
 .debug_abbrev  0x0000125c      0x216 ./system/src/cmsis/system_stm32f4xx.o
 .debug_abbrev  0x00001472       0x9d ./system/src/cmsis/vectors_stm32f401xc.o
 .debug_abbrev  0x0000150f       0x74 ./src/MCAL/UART/UART_cfg.o
 .debug_abbrev  0x00001583      0x159 ./src/MCAL/UART/UART_prg.o
 .debug_abbrev  0x000016dc      0x117 ./src/MCAL/STK/STK_prg.o
 .debug_abbrev  0x000017f3       0xc0 ./src/MCAL/RCC/RCC_program.o
 .debug_abbrev  0x000018b3      0x135 ./src/MCAL/GPIO/GPIO_Prg.o
 .debug_abbrev  0x000019e8      0x1b1 ./src/HAL/LCD/LCD.o
 .debug_abbrev  0x00001b99      0x1ae ./src/HAL/Finger-Print/Finger-print.o
 .debug_abbrev  0x00001d47      0x234 ./src/_initialize_hardware.o
 .debug_abbrev  0x00001f7b      0x128 ./src/main.o

.debug_line     0x00000000     0x568b
 *(.debug_line)
 .debug_line    0x00000000      0x357 ./system/src/newlib/_exit.o
 .debug_line    0x00000357      0x30b ./system/src/newlib/_sbrk.o
 .debug_line    0x00000662      0x3d3 ./system/src/newlib/_startup.o
 .debug_line    0x00000a35      0x423 ./system/src/newlib/_syscalls.o
 .debug_line    0x00000e58      0x3d3 ./system/src/diag/Trace.o
 .debug_line    0x0000122b      0xac7 ./system/src/diag/trace_impl.o
 .debug_line    0x00001cf2      0xa30 ./system/src/cortexm/_initialize_hardware.o
 .debug_line    0x00002722      0xb7e ./system/src/cortexm/exception_handlers.o
 .debug_line    0x000032a0      0xa36 ./system/src/cmsis/system_stm32f4xx.o
 .debug_line    0x00003cd6      0x104 ./system/src/cmsis/vectors_stm32f401xc.o
 .debug_line    0x00003dda       0xc5 ./src/MCAL/UART/UART_cfg.o
 .debug_line    0x00003e9f      0x252 ./src/MCAL/UART/UART_prg.o
 .debug_line    0x000040f1      0x146 ./src/MCAL/STK/STK_prg.o
 .debug_line    0x00004237      0x121 ./src/MCAL/RCC/RCC_program.o
 .debug_line    0x00004358      0x223 ./src/MCAL/GPIO/GPIO_Prg.o
 .debug_line    0x0000457b      0x210 ./src/HAL/LCD/LCD.o
 .debug_line    0x0000478b      0x2e5 ./src/HAL/Finger-Print/Finger-print.o
 .debug_line    0x00004a70      0xa26 ./src/_initialize_hardware.o
 .debug_line    0x00005496      0x1f5 ./src/main.o

.debug_frame    0x00000000      0xd8c
 *(.debug_frame)
 .debug_frame   0x00000000       0x38 ./system/src/newlib/_exit.o
 .debug_frame   0x00000038       0x28 ./system/src/newlib/_sbrk.o
 .debug_frame   0x00000060       0x7c ./system/src/newlib/_startup.o
 .debug_frame   0x000000dc       0x50 ./system/src/newlib/_syscalls.o
 .debug_frame   0x0000012c       0x94 ./system/src/diag/Trace.o
 .debug_frame   0x000001c0       0x64 ./system/src/diag/trace_impl.o
 .debug_frame   0x00000224       0x40 ./system/src/cortexm/_initialize_hardware.o
 .debug_frame   0x00000264      0x158 ./system/src/cortexm/exception_handlers.o
 .debug_frame   0x000003bc       0x30 ./system/src/cmsis/system_stm32f4xx.o
 .debug_frame   0x000003ec       0x20 ./system/src/cmsis/vectors_stm32f401xc.o
 .debug_frame   0x0000040c      0x18c ./src/MCAL/UART/UART_prg.o
 .debug_frame   0x00000598       0x98 ./src/MCAL/STK/STK_prg.o
 .debug_frame   0x00000630       0x58 ./src/MCAL/RCC/RCC_program.o
 .debug_frame   0x00000688      0x11c ./src/MCAL/GPIO/GPIO_Prg.o
 .debug_frame   0x000007a4      0x110 ./src/HAL/LCD/LCD.o
 .debug_frame   0x000008b4      0x144 ./src/HAL/Finger-Print/Finger-print.o
 .debug_frame   0x000009f8       0x44 ./src/_initialize_hardware.o
 .debug_frame   0x00000a3c       0x28 ./src/main.o
 .debug_frame   0x00000a64       0x2c d:/iti/arm2/imt_sdk_win_64/imt_sdk_win_64/winarm/armgcc/bin/../lib/gcc/arm-none-eabi/7.2.1/thumb/v7e-m\libgcc.a(_aeabi_uldivmod.o)
 .debug_frame   0x00000a90       0x34 d:/iti/arm2/imt_sdk_win_64/imt_sdk_win_64/winarm/armgcc/bin/../lib/gcc/arm-none-eabi/7.2.1/thumb/v7e-m\libgcc.a(_udivmoddi4.o)
 .debug_frame   0x00000ac4       0x20 d:/iti/arm2/imt_sdk_win_64/imt_sdk_win_64/winarm/armgcc/bin/../lib/gcc/arm-none-eabi/7.2.1/../../../../arm-none-eabi/lib/thumb/v7e-m\libg_nano.a(lib_a-errno.o)
 .debug_frame   0x00000ae4       0x4c d:/iti/arm2/imt_sdk_win_64/imt_sdk_win_64/winarm/armgcc/bin/../lib/gcc/arm-none-eabi/7.2.1/../../../../arm-none-eabi/lib/thumb/v7e-m\libg_nano.a(lib_a-vsnprintf.o)
 .debug_frame   0x00000b30       0x90 d:/iti/arm2/imt_sdk_win_64/imt_sdk_win_64/winarm/armgcc/bin/../lib/gcc/arm-none-eabi/7.2.1/../../../../arm-none-eabi/lib/thumb/v7e-m\libg_nano.a(lib_a-nano-svfprintf.o)
 .debug_frame   0x00000bc0       0x60 d:/iti/arm2/imt_sdk_win_64/imt_sdk_win_64/winarm/armgcc/bin/../lib/gcc/arm-none-eabi/7.2.1/../../../../arm-none-eabi/lib/thumb/v7e-m\libg_nano.a(lib_a-nano-vfprintf_i.o)
 .debug_frame   0x00000c20       0x28 d:/iti/arm2/imt_sdk_win_64/imt_sdk_win_64/winarm/armgcc/bin/../lib/gcc/arm-none-eabi/7.2.1/../../../../arm-none-eabi/lib/thumb/v7e-m\libg_nano.a(lib_a-memcpy-stub.o)
 .debug_frame   0x00000c48       0x28 d:/iti/arm2/imt_sdk_win_64/imt_sdk_win_64/winarm/armgcc/bin/../lib/gcc/arm-none-eabi/7.2.1/../../../../arm-none-eabi/lib/thumb/v7e-m\libg_nano.a(lib_a-memmove.o)
 .debug_frame   0x00000c70       0x38 d:/iti/arm2/imt_sdk_win_64/imt_sdk_win_64/winarm/armgcc/bin/../lib/gcc/arm-none-eabi/7.2.1/../../../../arm-none-eabi/lib/thumb/v7e-m\libg_nano.a(lib_a-nano-freer.o)
 .debug_frame   0x00000ca8       0x2c d:/iti/arm2/imt_sdk_win_64/imt_sdk_win_64/winarm/armgcc/bin/../lib/gcc/arm-none-eabi/7.2.1/../../../../arm-none-eabi/lib/thumb/v7e-m\libg_nano.a(lib_a-nano-mallocr.o)
 .debug_frame   0x00000cd4       0x3c d:/iti/arm2/imt_sdk_win_64/imt_sdk_win_64/winarm/armgcc/bin/../lib/gcc/arm-none-eabi/7.2.1/../../../../arm-none-eabi/lib/thumb/v7e-m\libg_nano.a(lib_a-nano-reallocr.o)
 .debug_frame   0x00000d10       0x2c d:/iti/arm2/imt_sdk_win_64/imt_sdk_win_64/winarm/armgcc/bin/../lib/gcc/arm-none-eabi/7.2.1/../../../../arm-none-eabi/lib/thumb/v7e-m\libg_nano.a(lib_a-sbrkr.o)
 .debug_frame   0x00000d3c       0x30 d:/iti/arm2/imt_sdk_win_64/imt_sdk_win_64/winarm/armgcc/bin/../lib/gcc/arm-none-eabi/7.2.1/../../../../arm-none-eabi/lib/thumb/v7e-m\libg_nano.a(lib_a-mlock.o)
 .debug_frame   0x00000d6c       0x20 d:/iti/arm2/imt_sdk_win_64/imt_sdk_win_64/winarm/armgcc/bin/../lib/gcc/arm-none-eabi/7.2.1/../../../../arm-none-eabi/lib/thumb/v7e-m\libg_nano.a(lib_a-nano-msizer.o)

.debug_str      0x00000000    0x742c4
 *(.debug_str)
 .debug_str     0x00000000     0x7d23 ./system/src/newlib/_exit.o
                               0x7ef6 (size before relaxing)
 .debug_str     0x00007d23      0x4f5 ./system/src/newlib/_sbrk.o
                               0x72a8 (size before relaxing)
 .debug_str     0x00008218      0xc23 ./system/src/newlib/_startup.o
                               0x6a49 (size before relaxing)
 .debug_str     0x00008e3b      0xe8b ./system/src/newlib/_syscalls.o
                               0x8183 (size before relaxing)
 .debug_str     0x00009cc6      0x826 ./system/src/diag/Trace.o
                               0x866e (size before relaxing)
 .debug_str     0x0000a4ec    0x67a2e ./system/src/diag/trace_impl.o
                              0x70994 (size before relaxing)
 .debug_str     0x00071f1a       0xc4 ./system/src/cortexm/_initialize_hardware.o
                              0x6f726 (size before relaxing)
 .debug_str     0x00071fde      0x1a6 ./system/src/cortexm/exception_handlers.o
                              0x70b1e (size before relaxing)
 .debug_str     0x00072184      0x164 ./system/src/cmsis/system_stm32f4xx.o
                              0x6f807 (size before relaxing)
 .debug_str     0x000722e8       0x59 ./system/src/cmsis/vectors_stm32f401xc.o
                               0x3886 (size before relaxing)
 .debug_str     0x00072341      0x685 ./src/MCAL/UART/UART_cfg.o
                               0x344f (size before relaxing)
 .debug_str     0x000729c6      0xa8b ./src/MCAL/UART/UART_prg.o
                               0x3caa (size before relaxing)
 .debug_str     0x00073451      0x23f ./src/MCAL/STK/STK_prg.o
                               0x30f0 (size before relaxing)
 .debug_str     0x00073690      0x2ca ./src/MCAL/RCC/RCC_program.o
                               0x3211 (size before relaxing)
 .debug_str     0x0007395a      0x32c ./src/MCAL/GPIO/GPIO_Prg.o
                               0x3455 (size before relaxing)
 .debug_str     0x00073c86      0x152 ./src/HAL/LCD/LCD.o
                               0x32f9 (size before relaxing)
 .debug_str     0x00073dd8      0x208 ./src/HAL/Finger-Print/Finger-print.o
                               0x3e44 (size before relaxing)
 .debug_str     0x00073fe0      0x19a ./src/_initialize_hardware.o
                              0x6f8fe (size before relaxing)
 .debug_str     0x0007417a      0x14a ./src/main.o
                               0x4098 (size before relaxing)

.debug_loc      0x00000000     0x2137
 *(.debug_loc)
 .debug_loc     0x00000000       0x85 ./system/src/newlib/_sbrk.o
 .debug_loc     0x00000085      0x2cb ./system/src/newlib/_startup.o
 .debug_loc     0x00000350       0x63 ./system/src/newlib/_syscalls.o
 .debug_loc     0x000003b3       0xf6 ./system/src/diag/Trace.o
 .debug_loc     0x000004a9      0x121 ./system/src/diag/trace_impl.o
 .debug_loc     0x000005ca      0x291 ./system/src/cortexm/exception_handlers.o
 .debug_loc     0x0000085b      0x13e ./system/src/cmsis/system_stm32f4xx.o
 .debug_loc     0x00000999      0x31e ./src/MCAL/UART/UART_prg.o
 .debug_loc     0x00000cb7       0x30 ./src/MCAL/STK/STK_prg.o
 .debug_loc     0x00000ce7      0x270 ./src/MCAL/RCC/RCC_program.o
 .debug_loc     0x00000f57      0x933 ./src/MCAL/GPIO/GPIO_Prg.o
 .debug_loc     0x0000188a      0x31f ./src/HAL/LCD/LCD.o
 .debug_loc     0x00001ba9      0x58e ./src/HAL/Finger-Print/Finger-print.o

.debug_macinfo
 *(.debug_macinfo)

.debug_weaknames
 *(.debug_weaknames)

.debug_funcnames
 *(.debug_funcnames)

.debug_typenames
 *(.debug_typenames)

.debug_varnames
 *(.debug_varnames)
OUTPUT(FingerPrint_StartEngine.elf elf32-littlearm)

.debug_ranges   0x00000000      0x4a0
 .debug_ranges  0x00000000       0x18 ./system/src/newlib/_exit.o
 .debug_ranges  0x00000018       0x10 ./system/src/newlib/_sbrk.o
 .debug_ranges  0x00000028       0x90 ./system/src/newlib/_startup.o
 .debug_ranges  0x000000b8       0x20 ./system/src/newlib/_syscalls.o
 .debug_ranges  0x000000d8       0x28 ./system/src/diag/Trace.o
 .debug_ranges  0x00000100       0x50 ./system/src/diag/trace_impl.o
 .debug_ranges  0x00000150       0x18 ./system/src/cortexm/_initialize_hardware.o
 .debug_ranges  0x00000168       0x80 ./system/src/cortexm/exception_handlers.o
 .debug_ranges  0x000001e8       0x18 ./system/src/cmsis/system_stm32f4xx.o
 .debug_ranges  0x00000200       0x10 ./system/src/cmsis/vectors_stm32f401xc.o
 .debug_ranges  0x00000210       0xa8 ./src/MCAL/UART/UART_prg.o
 .debug_ranges  0x000002b8       0x48 ./src/MCAL/STK/STK_prg.o
 .debug_ranges  0x00000300       0x20 ./src/MCAL/RCC/RCC_program.o
 .debug_ranges  0x00000320       0x70 ./src/MCAL/GPIO/GPIO_Prg.o
 .debug_ranges  0x00000390       0x58 ./src/HAL/LCD/LCD.o
 .debug_ranges  0x000003e8       0x90 ./src/HAL/Finger-Print/Finger-print.o
 .debug_ranges  0x00000478       0x18 ./src/_initialize_hardware.o
 .debug_ranges  0x00000490       0x10 ./src/main.o

.debug_macro    0x00000000     0x3f5a
 .debug_macro   0x00000000      0x1b4 ./system/src/newlib/_exit.o
 .debug_macro   0x000001b4      0x10e ./system/src/newlib/_exit.o
 .debug_macro   0x000002c2       0x8d ./system/src/newlib/_exit.o
 .debug_macro   0x0000034f       0x35 ./system/src/newlib/_exit.o
 .debug_macro   0x00000384      0x169 ./system/src/newlib/_sbrk.o
 .debug_macro   0x000004ed      0x174 ./system/src/newlib/_sbrk.o
 .debug_macro   0x00000661       0x10 ./system/src/newlib/_sbrk.o
 .debug_macro   0x00000671      0x23b ./system/src/newlib/_sbrk.o
 .debug_macro   0x000008ac      0x173 ./system/src/newlib/_startup.o
 .debug_macro   0x00000a1f      0xa72 ./system/src/newlib/_startup.o
 .debug_macro   0x00001491      0x217 ./system/src/newlib/_syscalls.o
 .debug_macro   0x000016a8       0x1c ./system/src/newlib/_syscalls.o
 .debug_macro   0x000016c4       0x10 ./system/src/newlib/_syscalls.o
 .debug_macro   0x000016d4       0x10 ./system/src/newlib/_syscalls.o
 .debug_macro   0x000016e4       0x10 ./system/src/newlib/_syscalls.o
 .debug_macro   0x000016f4       0x35 ./system/src/newlib/_syscalls.o
 .debug_macro   0x00001729      0x122 ./system/src/newlib/_syscalls.o
 .debug_macro   0x0000184b       0x88 ./system/src/newlib/_syscalls.o
 .debug_macro   0x000018d3       0x2b ./system/src/newlib/_syscalls.o
 .debug_macro   0x000018fe      0x118 ./system/src/newlib/_syscalls.o
 .debug_macro   0x00001a16      0x189 ./system/src/newlib/_syscalls.o
 .debug_macro   0x00001b9f       0x16 ./system/src/newlib/_syscalls.o
 .debug_macro   0x00001bb5      0x1fb ./system/src/diag/Trace.o
 .debug_macro   0x00001db0       0x4c ./system/src/diag/Trace.o
 .debug_macro   0x00001dfc       0x16 ./system/src/diag/Trace.o
 .debug_macro   0x00001e12      0x52a ./system/src/diag/trace_impl.o
 .debug_macro   0x0000233c       0x22 ./system/src/diag/trace_impl.o
 .debug_macro   0x0000235e      0x4ee ./system/src/cortexm/_initialize_hardware.o
 .debug_macro   0x0000284c      0x557 ./system/src/cortexm/exception_handlers.o
 .debug_macro   0x00002da3       0x3b ./system/src/cortexm/exception_handlers.o
 .debug_macro   0x00002dde      0x4ea ./system/src/cmsis/system_stm32f4xx.o
 .debug_macro   0x000032c8       0x34 ./system/src/cmsis/vectors_stm32f401xc.o
 .debug_macro   0x000032fc       0x3e ./src/MCAL/UART/UART_cfg.o
 .debug_macro   0x0000333a       0x1c ./src/MCAL/UART/UART_cfg.o
 .debug_macro   0x00003356       0x22 ./src/MCAL/UART/UART_cfg.o
 .debug_macro   0x00003378       0x1c ./src/MCAL/UART/UART_cfg.o
 .debug_macro   0x00003394       0xd6 ./src/MCAL/UART/UART_cfg.o
 .debug_macro   0x0000346a       0x8e ./src/MCAL/UART/UART_cfg.o
 .debug_macro   0x000034f8       0x3e ./src/MCAL/UART/UART_prg.o
 .debug_macro   0x00003536      0x16c ./src/MCAL/UART/UART_prg.o
 .debug_macro   0x000036a2       0x3e ./src/MCAL/STK/STK_prg.o
 .debug_macro   0x000036e0       0x16 ./src/MCAL/STK/STK_prg.o
 .debug_macro   0x000036f6       0x46 ./src/MCAL/STK/STK_prg.o
 .debug_macro   0x0000373c       0x16 ./src/MCAL/STK/STK_prg.o
 .debug_macro   0x00003752       0x3e ./src/MCAL/RCC/RCC_program.o
 .debug_macro   0x00003790       0x58 ./src/MCAL/RCC/RCC_program.o
 .debug_macro   0x000037e8       0x64 ./src/MCAL/RCC/RCC_program.o
 .debug_macro   0x0000384c       0x22 ./src/MCAL/RCC/RCC_program.o
 .debug_macro   0x0000386e       0x35 ./src/MCAL/GPIO/GPIO_Prg.o
 .debug_macro   0x000038a3       0x2e ./src/MCAL/GPIO/GPIO_Prg.o
 .debug_macro   0x000038d1       0x3e ./src/HAL/LCD/LCD.o
 .debug_macro   0x0000390f       0x46 ./src/HAL/LCD/LCD.o
 .debug_macro   0x00003955       0x50 ./src/HAL/Finger-Print/Finger-print.o
 .debug_macro   0x000039a5       0x28 ./src/HAL/Finger-Print/Finger-print.o
 .debug_macro   0x000039cd      0x4e4 ./src/_initialize_hardware.o
 .debug_macro   0x00003eb1       0x87 ./src/main.o
 .debug_macro   0x00003f38       0x22 ./src/main.o
